Copyright 1986-2020 Xilinx, Inc. All Rights Reserved.
----------------------------------------------------------------------------------------------
| Tool Version : Vivado v.2020.2 (lin64) Build 3064766 Wed Nov 18 09:12:47 MST 2020
| Date         : Mon Dec 11 05:45:14 2023
| Host         : KiKiCoffee running 64-bit Ubuntu 20.04.6 LTS
| Command      : report_utilization -file parallel_find_min_syn_utilization.rpt -hierarchical
| Design       : parallel_find_min
| Device       : xcu200fsgd2104-2
| Design State : Synthesized
----------------------------------------------------------------------------------------------

Utilization Design Information

Table of Contents
-----------------
1. Utilization by Hierarchy

1. Utilization by Hierarchy
---------------------------

+-----------------------+------------+------------+------------+---------+------+-----+--------+--------+------+------------+
|        Instance       |   Module   | Total LUTs | Logic LUTs | LUTRAMs | SRLs | FFs | RAMB36 | RAMB18 | URAM | DSP Blocks |
+-----------------------+------------+------------+------------+---------+------+-----+--------+--------+------+------------+
| parallel_find_min     |      (top) |        243 |        243 |       0 |    0 | 302 |      0 |      0 |    0 |          0 |
|   (parallel_find_min) |      (top) |          0 |          0 |       0 |    0 |  64 |      0 |      0 |    0 |          0 |
|   u_min_2_1_s0_0      |    min_2_1 |         15 |         15 |       0 |    0 |  14 |      0 |      0 |    0 |          0 |
|   u_min_2_1_s0_1      |  min_2_1_0 |         15 |         15 |       0 |    0 |  14 |      0 |      0 |    0 |          0 |
|   u_min_2_1_s0_2      |  min_2_1_1 |         11 |         11 |       0 |    0 |  14 |      0 |      0 |    0 |          0 |
|   u_min_2_1_s0_3      |  min_2_1_2 |         15 |         15 |       0 |    0 |  14 |      0 |      0 |    0 |          0 |
|   u_min_2_1_s0_4      |  min_2_1_3 |         11 |         11 |       0 |    0 |  14 |      0 |      0 |    0 |          0 |
|   u_min_2_1_s0_5      |  min_2_1_4 |         15 |         15 |       0 |    0 |  14 |      0 |      0 |    0 |          0 |
|   u_min_2_1_s0_6      |  min_2_1_5 |         11 |         11 |       0 |    0 |  14 |      0 |      0 |    0 |          0 |
|   u_min_2_1_s0_7      |  min_2_1_6 |         19 |         19 |       0 |    0 |  14 |      0 |      0 |    0 |          0 |
|   u_min_2_1_s1_0      |  min_2_1_7 |         13 |         13 |       0 |    0 |  15 |      0 |      0 |    0 |          0 |
|   u_min_2_1_s1_1      |  min_2_1_8 |         18 |         18 |       0 |    0 |  15 |      0 |      0 |    0 |          0 |
|   u_min_2_1_s1_2      |  min_2_1_9 |         14 |         14 |       0 |    0 |  15 |      0 |      0 |    0 |          0 |
|   u_min_2_1_s1_3      | min_2_1_10 |         18 |         18 |       0 |    0 |  15 |      0 |      0 |    0 |          0 |
|   u_min_2_1_s2_0      | min_2_1_11 |         14 |         14 |       0 |    0 |  16 |      0 |      0 |    0 |          0 |
|   u_min_2_1_s2_1      | min_2_1_12 |         19 |         19 |       0 |    0 |  16 |      0 |      0 |    0 |          0 |
|   u_min_2_1_s3_0      | min_2_1_13 |         19 |         19 |       0 |    0 |  17 |      0 |      0 |    0 |          0 |
|   u_min_2_1_s4_0      | min_2_1_14 |         16 |         16 |       0 |    0 |  17 |      0 |      0 |    0 |          0 |
+-----------------------+------------+------------+------------+---------+------+-----+--------+--------+------+------------+


